
======================================================================
🧪 全流程功能测试（带界面浏览器）
======================================================================
⚠️  注意：测试过程中请勿关闭浏览器窗口
⚠️  当需要登录时，请在浏览器中手动完成登录

🚀 启动浏览器（带界面模式）...

📋 阶段1: 页面加载
  📸 截图: 01_page_loaded_2026-05-08T14-06-47-287Z.png
✅ [PASS] 页面加载: 标题: AI生图自动化平台

📋 阶段2: 配置文件夹
✅ [PASS] 豆包参考图文件夹统计: ✅ 找到 3 张参考图
  📸 截图: 02_folder_config_2026-05-08T14-06-49-723Z.png
✅ [PASS] Legil参考图配置保存
✅ [PASS] 输出文件夹配置

📋 阶段3: 打开浏览器
⚠️  正在打开豆包和Legil网站...
  📸 截图: 03_browser_opened_2026-05-08T14-06-56-385Z.png
✅ [PASS] 浏览器打开: 请确保已完成登录

📋 阶段4: 启动工作流
  🔔 对话框: 请确认以下事项：

✅ 已在浏览器中登录豆包账号
✅ 已在浏览器中登录Legil账号
✅ 参考图文件夹路径正确
✅ 输出文件夹路径正确

点击"确定"开始自动化流程。
  ℹ️  无确认对话框或已自动处理
  📸 截图: 04_workflow_started_2026-05-08T14-07-03-719Z.png
✅ [PASS] 工作流启动
✅ [PASS] 进度面板显示

📋 阶段5: 监控执行（此阶段可能需要10-20分钟）
⏳ 正在监控工作流执行，请等待...
   - 豆包上传和提示词生成: ~2-3分钟
   - Legil生成5张图片: ~15-20分钟
  ⏳ 1 / 3 | 0 / 5 | 处理失败: 豆包生成提示词失败
  ⏳ 2 / 3 | 0 / 5 | 正在上传参考图到豆包: 废弃载具_青椒越野残骸_01.png
  ⏳ 2 / 3 | 0 / 5 | 正在上传参考图到豆包: 废弃载具_青椒越野残骸_01.png
  ⏳ 2 / 3 | 0 / 5 | 正在上传参考图到豆包: 废弃载具_青椒越野残骸_01.png
  ⏳ 2 / 3 | 0 / 5 | 正在上传参考图到豆包: 废弃载具_青椒越野残骸_01.png
  ⏳ 2 / 3 | 0 / 5 | 正在上传参考图到豆包: 废弃载具_青椒越野残骸_01.png
  ⏳ 2 / 3 | 0 / 5 | 正在上传参考图到豆包: 废弃载具_青椒越野残骸_01.png
  ⏳ 2 / 3 | 0 / 5 | 正在上传参考图到豆包: 废弃载具_青椒越野残骸_01.png
  ⏳ 2 / 3 | 0 / 5 | 正在上传参考图到豆包: 废弃载具_青椒越野残骸_01.png
  ⏳ 2 / 3 | 0 / 5 | 正在上传参考图到豆包: 废弃载具_青椒越野残骸_01.png
  ⏳ 2 / 3 | 0 / 5 | 正在上传参考图到豆包: 废弃载具_青椒越野残骸_01.png
  ⏳ 2 / 3 | 0 / 5 | 正在上传参考图到豆包: 废弃载具_青椒越野残骸_01.png
  📸 截图: 05_progress_1778249344078_2026-05-08T14-09-04-078Z.png
  ⏳ 2 / 3 | 0 / 5 | 正在上传参考图到豆包: 废弃载具_青椒越野残骸_01.png
  ⏳ 2 / 3 | 0 / 5 | 正在上传参考图到豆包: 废弃载具_青椒越野残骸_01.png
  ⏳ 2 / 3 | 0 / 5 | 正在上传参考图到豆包: 废弃载具_青椒越野残骸_01.png
  ⏳ 2 / 3 | 0 / 5 | 正在上传参考图到豆包: 废弃载具_青椒越野残骸_01.png
  ⏳ 2 / 3 | 0 / 5 | 正在上传参考图到豆包: 废弃载具_青椒越野残骸_01.png
  ⏳ 2 / 3 | 0 / 5 | 正在上传参考图到豆包: 废弃载具_青椒越野残骸_01.png
  ⏳ 2 / 3 | 0 / 5 | 正在上传参考图到豆包: 废弃载具_青椒越野残骸_01.png
  ⏳ 2 / 3 | 0 / 5 | 处理失败: 豆包生成提示词失败
  ⏳ 3 / 3 | 0 / 5 | 正在上传参考图到豆包: 怪物锁定_冰原公路遇袭_01.png
  ⏳ 3 / 3 | 0 / 5 | 正在上传参考图到豆包: 怪物锁定_冰原公路遇袭_01.png
  ⏳ 3 / 3 | 0 / 5 | 正在上传参考图到豆包: 怪物锁定_冰原公路遇袭_01.png
  ⏳ 3 / 3 | 0 / 5 | 正在上传参考图到豆包: 怪物锁定_冰原公路遇袭_01.png
  📸 截图: 05_progress_1778249464433_2026-05-08T14-11-04-433Z.png
  ⏳ 3 / 3 | 0 / 5 | 正在上传参考图到豆包: 怪物锁定_冰原公路遇袭_01.png
  ⏳ 3 / 3 | 0 / 5 | 正在上传参考图到豆包: 怪物锁定_冰原公路遇袭_01.png
  ⏳ 3 / 3 | 0 / 5 | 正在上传参考图到豆包: 怪物锁定_冰原公路遇袭_01.png
  ⏳ 3 / 3 | 0 / 5 | 正在上传参考图到豆包: 怪物锁定_冰原公路遇袭_01.png
  ⏳ 3 / 3 | 0 / 5 | 正在上传参考图到豆包: 怪物锁定_冰原公路遇袭_01.png
  ⏳ 3 / 3 | 0 / 5 | 正在上传参考图到豆包: 怪物锁定_冰原公路遇袭_01.png
  ⏳ 3 / 3 | 0 / 5 | 正在上传参考图到豆包: 怪物锁定_冰原公路遇袭_01.png
  ⏳ 3 / 3 | 0 / 5 | 正在上传参考图到豆包: 怪物锁定_冰原公路遇袭_01.png
  ⏳ 3 / 3 | 0 / 5 | 正在上传参考图到豆包: 怪物锁定_冰原公路遇袭_01.png
  ⏳ 3 / 3 | 0 / 5 | 正在上传参考图到豆包: 怪物锁定_冰原公路遇袭_01.png
  ⏳ 3 / 3 | 0 / 5 | 正在上传参考图到豆包: 怪物锁定_冰原公路遇袭_01.png
  ⏳ 3 / 3 | 0 / 5 | 正在上传参考图到豆包: 怪物锁定_冰原公路遇袭_01.png
  📸 截图: 05_progress_1778249584797_2026-05-08T14-13-04-797Z.png
  ⏳ 3 / 3 | 5 / 5 | 工作流已完成
  ✅ 检测到完成弹窗
  📸 截图: 06_workflow_completed_2026-05-08T14-13-15-002Z.png

📋 阶段6: 验证结果
  📁 输出文件夹找到 6 张图片
✅ [PASS] 输出图片生成: 生成 6 张图片
  📸 截图: 07_final_state_2026-05-08T14-13-15-200Z.png
✅ [PASS] 全流程完成

======================================================================
📊 测试报告
======================================================================
总计: 9 项
通过: 9 项
失败: 0 项
通过率: 100.0%

📄 报告已保存: C:\Users\dd\Desktop\项目\test-cycle\reports\test-report-2026-05-08T14-13-15-983Z.json

⚠️  浏览器将保持打开状态10秒以便查看...
🔒 浏览器已关闭

🏁 测试结束
